Building Windows application...                                 
flutter :   SEVERE: error[E0277]: `NonNull<c_void>` cannot be sent between thre
ads safely
所在位置 行:1 字符: 1
+ flutter build windows 2>&1 | Tee-Object -FilePath build_output.txt |  ...
+ ~~~~~~~~~~~~~~~~~~~~~~~~~~
    + CategoryInfo          : NotSpecified: (  SEVERE: error... threads safely 
   :String) [], RemoteException
    + FullyQualifiedErrorId : NativeCommandError
 
SEVERE : error : could not compile `rust_lib_pure_music` (lib) due to 1 previou
s error [D:\All\Documents\Projects\player\Pure-music\build\windows\x64\plugins\
rust_lib_pure_music\rust_lib_pure_music_cargokit.vcxproj]
C:\Program Files\Microsoft Visual Studio\18\Community\MSBuild\Microsoft\VC\v180
\Microsoft.CppCommon.targets(254,5): error MSB8066: 鈥淒:\All\Documents\Projects\
player\Pure-music\build\windows\x64\CMakeFiles\3a6f87e1a46fcb68ecaf1cd4b56f8218
\rust_lib_pure_music.dll.rule;D:\All\Documents\Projects\player\Pure-music\build
\windows\x64\CMakeFiles\2ca824d04ed576ee3c0a1b23a501d1fc\rust_lib_pure_music_ca
rgokit.rule鈥濈殑鑷畾涔夌敓鎴愬凡閫€鍑猴紝浠ｇ爜涓?-1銆?[D:\All\Documents\Projects\player\Pure-mus
ic\build\windows\x64\plugins\rust_lib_pure_music\rust_lib_pure_music_cargokit.v
cxproj]
Building Windows application...                                     8.4s
Build process failed.
